// Jest Snapshot v1, https://goo.gl/fbAQLP

exports[`should render LoadingPage 1`] = `
<div
  className="loader"
>
  <Loader />
</div>
`;
