// Jest Snapshot v1, https://goo.gl/fbAQLP

exports[`should render DashboardPage 1`] = `
<div
  className="content-container"
>
  <MovieSearch
    numResults={5}
  />
  <Connect(MovieList) />
  <Connect(VideoModal) />
</div>
`;
