// Jest Snapshot v1, https://goo.gl/fbAQLP

exports[`should render LoadingPage 1`] = `
<div
  className="loader"
>
  <Loading
    color="#7f5af0"
    delay={0}
    height={64}
    type="spin"
    width={64}
  />
</div>
`;
